len("ababababacccbacbacbacbacbabc") = 28
Address of b: 0x5ea3e5bc42f1
Address of a: 0x5ea3e5bc42f2
Address of c: 0x5ea3e5bc42f9
Address of a: 0x5ea3e5bc4300
Address of b: 0x5ea3e5bc4302
Address of b: 0x5ea3e5bc4305
Address of c: 0x5ea3e5bc4307
Address of a: 0x5ea3e5bc4309
