len("paragarafaramus") = 15
Address of a: 0x5ea3e5bc42d1
Address of r: 0x5ea3e5bc42d2
Address of a: 0x5ea3e5bc42d3
Address of a: 0x5ea3e5bc42d5
Address of r: 0x5ea3e5bc42d6
Address of a: 0x5ea3e5bc42d9
