len("aaha") = 4
Address of a: 0x5ea3e5bc32a0
Address of a: 0x5ea3e5bc32a1
Address of h: 0x5ea3e5bc32a2
Address of a: 0x5ea3e5bc32a3
